LTspice 24.1.9 for Windows
Circuit: C:\Users\mythr\OneDrive\Desktop\ELECTRONIC\Analog project\F_to_V_FINAL.net
Start Time: Tue Mar 10 01:21:33 2026
solver = Normal
Maximum thread count: 12
tnom = 27
temp = 27
method = trap
Direct Newton iteration failed to find .op point.  (Use ".option noopiter" to skip.)
Starting Gmin stepping
Gmin = 10
Gmin = 1.07374
vernier = 0.5
vernier = 0.25
vernier = 0.125
Gmin = 1.02385
vernier = 0.0625
vernier = 0.03125
vernier = 0.015625
Gmin = 1.02347
vernier = 0.0078125
vernier = 0.00390625
Gmin = 1.01452
vernier = 0.00520833
vernier = 0.00260417
vernier = 0.00130208
Gmin = 1.00991
vernier = 0.00173611
vernier = 0.000868055
Gmin = 1.00761
vernier = 0.00115741
vernier = 0.000578703
Gmin = 1.00601
vernier = 0.000771604
vernier = 0.000578703
Gmin = 1.00475
vernier = 0.000771604
vernier = 0.000578703
vernier = 0.000434027
vernier = 0.000578703
Gmin = 1.00406
vernier = 0.000434027
Gmin = 0
Gmin stepping failed

Starting source stepping with srcstepmethod=0
Source Step = 3.0303%
Source Step = 33.3333%
Source Step = 63.6364%
Source Step = 84.0909%
Source Step = 91.6667%
Source Step = 92.7557%
Source Step = 93.2292%
Source Step = 93.7027%
Source Step = 94.1761%
Source Step = 94.6496%
vernier = 0.0234375
Source Step = 95.2652%
Source Step = 95.9754%
Source Step = 96.6856%
Source Step = 97.3958%
Source Step = 98.1061%
vernier = 0.0351562
Source Step = 98.9938%
Source Step = 100%
Source stepping succeeded in finding the operating point.

Total elapsed time: 2.095 seconds.

Files loaded:
C:\Users\mythr\OneDrive\Desktop\ELECTRONIC\Analog project\F_to_V_FINAL.net
C:\Users\mythr\AppData\Local\LTspice\lib\cmp\standard.dio
F:\DOWNLOADS\snom211b\lm741.lib

